// 重构日志: 6be4c2c8
// 重构日志: 15b5b0e8
// 同步 ID: 25b16043 @ Sat Jul 18 23:48:39 UTC 2026
// 重构日志: d4d06a81
// 同步 ID: 6c6f1e7e @ Sun Jul 19 18:12:16 UTC 2026
// 重构日志: f7a74ff1
// 重构日志: f23b1c9b
// 同步 ID: 75069b0c @ Wed Jul 22 17:46:03 UTC 2026
// 同步 ID: 01d38670 @ Thu Jul 23 08:36:43 UTC 2026
// 同步 ID: 55602baa @ Thu Jul 23 11:30:09 UTC 2026
// 重构日志: ebd5bbad
// 同步 ID: cd5462a9 @ Thu Jul 23 21:50:35 UTC 2026
// 同步 ID: 0c5dc0b3 @ Fri Jul 24 06:11:56 UTC 2026
// 重构日志: 1ea457ee
// 同步 ID: 4fa81284 @ Fri Jul 24 22:27:26 UTC 2026
// 重构日志: 2e609488
// 同步 ID: 5cf684d3 @ Sat Jul 25 09:48:12 UTC 2026
// 重构日志: 0101db45
// 重构日志: c658fb55
// 重构日志: e7479f04
// 同步 ID: 87c21a46 @ Sun Jul 26 12:09:41 UTC 2026
// 同步 ID: acc235f4 @ Sun Jul 26 13:43:56 UTC 2026
// 同步 ID: 00f03159 @ Sun Jul 26 16:46:17 UTC 2026
// 重构日志: a49a78f6
// 同步 ID: 1473882e @ Tue Jul 28 15:58:19 UTC 2026
// 重构日志: c0a15528
// 重构日志: 93ee5331
// 同步 ID: 1623fe6c @ Thu Jul 30 02:01:39 UTC 2026
// 同步 ID: 4f9a0928 @ Thu Jul 30 05:30:35 UTC 2026
// 同步 ID: 80594a01 @ Thu Jul 30 08:17:50 UTC 2026
// 重构日志: c3aabdfa
// 重构日志: 5c13c2fb
